[08/Dec/2025 10:41:23] "GET /signup/ HTTP/1.1" 200 9138
[08/Dec/2025 10:41:35] "GET / HTTP/1.1" 200 15281
[08/Dec/2025 10:42:15] "GET / HTTP/1.1" 200 15281
[08/Dec/2025 10:42:23] "GET / HTTP/1.1" 200 15281
[08/Dec/2025 11:09:45] "GET /recipe/1/ HTTP/1.1" 200 21312
Performing system checks...

System check identified no issues (0 silenced).
December 08, 2025 - 10:40:27
Django version 2.1, using settings 'django_project.settings'
Starting development server at http://0.0.0.0:8000/
Quit the server with CONTROL-C.
Traceback (most recent call last):
  File "/home/ciarrai/Downloads/Nourish Recipe App/manage.py", line 27, in <module>
    from django.core.management import execute_from_command_line
  File "/home/ciarrai/Downloads/Nourish Recipe App/.venv/lib/python3.12/site-packages/django/__init__.py", line 1, in <module>
    from django.utils.version import get_version
ModuleNotFoundError: No module named 'django.utils'

The above exception was the direct cause of the following exception:

Traceback (most recent call last):
  File "/home/ciarrai/Downloads/Nourish Recipe App/manage.py", line 29, in <module>
    raise ImportError(
ImportError: Couldn't import Django. Are you sure it's installed and available on your PYTHONPATH environment variable? Did you forget to activate a virtual environment?
